Category: 📺央视频道, Name: CCTV-2, Total: 4, Valid: 4, Valid Percent: 100.00%, Whitelist: 0, IPv4: 4, IPv6: 0, Min Delay: 515 ms, Max Speed: 2.39 M/s, Avg Speed: 1.76 M/s, Max Resolution: 1280x720
Category: 📺央视频道, Name: CCTV-3, Total: 3, Valid: 3, Valid Percent: 100.00%, Whitelist: 0, IPv4: 3, IPv6: 0, Min Delay: 58 ms, Max Speed: 63.88 M/s, Avg Speed: 63.88 M/s, Max Resolution: 1920x1080
Category: 📺央视频道, Name: CCTV-4, Total: 8, Valid: 8, Valid Percent: 100.00%, Whitelist: 0, IPv4: 8, IPv6: 0, Min Delay: 58 ms, Max Speed: 63.88 M/s, Avg Speed: 41.04 M/s, Max Resolution: 1920x1080
Category: 📺央视频道, Name: CCTV-5, Total: 10, Valid: 10, Valid Percent: 100.00%, Whitelist: 0, IPv4: 10, IPv6: 0, Min Delay: 58 ms, Max Speed: 63.88 M/s, Avg Speed: 33.74 M/s, Max Resolution: 1920x1080
Category: 📺央视频道, Name: CCTV-5+, Total: 1, Valid: 1, Valid Percent: 100.00%, Whitelist: 0, IPv4: 1, IPv6: 0, Min Delay: 782 ms, Max Speed: 6.69 M/s, Avg Speed: 6.69 M/s, Max Resolution: 1280x720
Category: 📺央视频道, Name: CCTV-6, Total: 13, Valid: 13, Valid Percent: 100.00%, Whitelist: 0, IPv4: 13, IPv6: 0, Min Delay: 58 ms, Max Speed: 63.88 M/s, Avg Speed: 36.00 M/s, Max Resolution: 1920x1080
Category: 📺央视频道, Name: CCTV-7, Total: 13, Valid: 13, Valid Percent: 100.00%, Whitelist: 0, IPv4: 13, IPv6: 0, Min Delay: 58 ms, Max Speed: 63.88 M/s, Avg Speed: 36.00 M/s, Max Resolution: 1920x1080
Category: 📺央视频道, Name: CCTV-8, Total: 15, Valid: 15, Valid Percent: 100.00%, Whitelist: 0, IPv4: 15, IPv6: 0, Min Delay: 58 ms, Max Speed: 63.88 M/s, Avg Speed: 27.86 M/s, Max Resolution: 1920x1080
Category: 📺央视频道, Name: CCTV-9, Total: 12, Valid: 12, Valid Percent: 100.00%, Whitelist: 0, IPv4: 12, IPv6: 0, Min Delay: 58 ms, Max Speed: 63.88 M/s, Avg Speed: 38.73 M/s, Max Resolution: 1920x1080
Category: 📺央视频道, Name: CCTV-10, Total: 20, Valid: 20, Valid Percent: 100.00%, Whitelist: 0, IPv4: 20, IPv6: 0, Min Delay: 58 ms, Max Speed: 63.88 M/s, Avg Speed: 24.40 M/s, Max Resolution: 1920x1080
Category: 📺央视频道, Name: CCTV-11, Total: 16, Valid: 16, Valid Percent: 100.00%, Whitelist: 0, IPv4: 16, IPv6: 0, Min Delay: 58 ms, Max Speed: 63.88 M/s, Avg Speed: 26.41 M/s, Max Resolution: 1920x1080
Category: 📺央视频道, Name: CCTV-12, Total: 16, Valid: 16, Valid Percent: 100.00%, Whitelist: 0, IPv4: 16, IPv6: 0, Min Delay: 58 ms, Max Speed: 63.88 M/s, Avg Speed: 30.12 M/s, Max Resolution: 1920x1080
Category: 📺央视频道, Name: CCTV-13, Total: 15, Valid: 15, Valid Percent: 100.00%, Whitelist: 0, IPv4: 15, IPv6: 0, Min Delay: 58 ms, Max Speed: 63.88 M/s, Avg Speed: 31.52 M/s, Max Resolution: 1920x1080
Category: 📺央视频道, Name: CCTV-14, Total: 22, Valid: 22, Valid Percent: 100.00%, Whitelist: 0, IPv4: 19, IPv6: 3, Min Delay: 58 ms, Max Speed: 63.88 M/s, Avg Speed: 22.41 M/s, Max Resolution: 1920x1080
Category: 📺央视频道, Name: CCTV-15, Total: 19, Valid: 19, Valid Percent: 100.00%, Whitelist: 0, IPv4: 19, IPv6: 0, Min Delay: 58 ms, Max Speed: 63.88 M/s, Avg Speed: 25.75 M/s, Max Resolution: 1920x1080
Category: 📺央视频道, Name: CCTV-16, Total: 16, Valid: 16, Valid Percent: 100.00%, Whitelist: 0, IPv4: 16, IPv6: 0, Min Delay: 58 ms, Max Speed: 63.88 M/s, Avg Speed: 18.54 M/s, Max Resolution: 1920x1080
Category: 📺央视频道, Name: CCTV-17, Total: 17, Valid: 17, Valid Percent: 100.00%, Whitelist: 0, IPv4: 17, IPv6: 0, Min Delay: 58 ms, Max Speed: 63.88 M/s, Avg Speed: 28.39 M/s, Max Resolution: 1920x1080
Category: 📺央视频道, Name: CCTV-4K, Total: 1, Valid: 1, Valid Percent: 100.00%, Whitelist: 0, IPv4: 1, IPv6: 0, Min Delay: 1212 ms, Max Speed: 1.14 M/s, Avg Speed: 1.14 M/s, Max Resolution: 1280x720
Category: 📺央视频道, Name: CCTV-8K, Total: 3, Valid: 3, Valid Percent: 100.00%, Whitelist: 0, IPv4: 3, IPv6: 0, Min Delay: 610 ms, Max Speed: 6.69 M/s, Avg Speed: 3.69 M/s, Max Resolution: 1280x720
Category: 📡卫视频道, Name: 北京卫视, Total: 13, Valid: 13, Valid Percent: 100.00%, Whitelist: 0, IPv4: 13, IPv6: 0, Min Delay: 58 ms, Max Speed: 63.88 M/s, Avg Speed: 31.33 M/s, Max Resolution: 1920x1080
Category: 📡卫视频道, Name: 天津卫视, Total: 11, Valid: 11, Valid Percent: 100.00%, Whitelist: 0, IPv4: 11, IPv6: 0, Min Delay: 58 ms, Max Speed: 63.88 M/s, Avg Speed: 36.63 M/s, Max Resolution: 1920x1080
Category: 📡卫视频道, Name: 上海东方卫视, Total: 2, Valid: 0, Valid Percent: 0.00%, Whitelist: 0, IPv4: 2, IPv6: 0, Min Delay: 12051 ms, Max Speed: 0.00 M/s, Avg Speed: 0.00 M/s, Max Resolution: 1920x1080
Category: 📡卫视频道, Name: 重庆卫视, Total: 12, Valid: 12, Valid Percent: 100.00%, Whitelist: 0, IPv4: 12, IPv6: 0, Min Delay: 58 ms, Max Speed: 63.88 M/s, Avg Speed: 39.09 M/s, Max Resolution: 1920x1080
Category: 📡卫视频道, Name: 黑龙江卫视, Total: 12, Valid: 12, Valid Percent: 100.00%, Whitelist: 0, IPv4: 12, IPv6: 0, Min Delay: 58 ms, Max Speed: 63.88 M/s, Avg Speed: 38.89 M/s, Max Resolution: 1920x1080
Category: 📡卫视频道, Name: 辽宁卫视, Total: 13, Valid: 13, Valid Percent: 100.00%, Whitelist: 0, IPv4: 13, IPv6: 0, Min Delay: 58 ms, Max Speed: 63.88 M/s, Avg Speed: 36.14 M/s, Max Resolution: 1920x1080
Category: 📡卫视频道, Name: 吉林卫视, Total: 11, Valid: 11, Valid Percent: 100.00%, Whitelist: 0, IPv4: 11, IPv6: 0, Min Delay: 58 ms, Max Speed: 63.88 M/s, Avg Speed: 36.61 M/s, Max Resolution: 1920x1080
Category: 📡卫视频道, Name: 河北卫视, Total: 16, Valid: 16, Valid Percent: 100.00%, Whitelist: 0, IPv4: 16, IPv6: 0, Min Delay: 58 ms, Max Speed: 63.88 M/s, Avg Speed: 33.48 M/s, Max Resolution: 1920x1080
Category: 📡卫视频道, Name: 山西卫视, Total: 9, Valid: 9, Valid Percent: 100.00%, Whitelist: 0, IPv4: 9, IPv6: 0, Min Delay: 58 ms, Max Speed: 63.88 M/s, Avg Speed: 30.55 M/s, Max Resolution: 1920x1080
Category: 📡卫视频道, Name: 内蒙古卫视, Total: 13, Valid: 13, Valid Percent: 100.00%, Whitelist: 0, IPv4: 13, IPv6: 0, Min Delay: 58 ms, Max Speed: 63.88 M/s, Avg Speed: 26.29 M/s, Max Resolution: 1920x1080
Category: 📡卫视频道, Name: 山东卫视, Total: 13, Valid: 13, Valid Percent: 100.00%, Whitelist: 0, IPv4: 13, IPv6: 0, Min Delay: 58 ms, Max Speed: 63.88 M/s, Avg Speed: 31.53 M/s, Max Resolution: 1920x1080
Category: 📡卫视频道, Name: 河南卫视, Total: 16, Valid: 16, Valid Percent: 100.00%, Whitelist: 0, IPv4: 16, IPv6: 0, Min Delay: 58 ms, Max Speed: 63.88 M/s, Avg Speed: 37.46 M/s, Max Resolution: 1920x1080
Category: 📡卫视频道, Name: 安徽卫视, Total: 13, Valid: 13, Valid Percent: 100.00%, Whitelist: 0, IPv4: 13, IPv6: 0, Min Delay: 58 ms, Max Speed: 63.88 M/s, Avg Speed: 31.37 M/s, Max Resolution: 1920x1080
Category: 📡卫视频道, Name: 江苏卫视, Total: 15, Valid: 15, Valid Percent: 100.00%, Whitelist: 0, IPv4: 15, IPv6: 0, Min Delay: 58 ms, Max Speed: 63.88 M/s, Avg Speed: 31.46 M/s, Max Resolution: 1920x1080
Category: 📡卫视频道, Name: 浙江卫视, Total: 20, Valid: 20, Valid Percent: 100.00%, Whitelist: 0, IPv4: 16, IPv6: 4, Min Delay: 58 ms, Max Speed: 63.88 M/s, Avg Speed: 23.84 M/s, Max Resolution: 1920x1080
Category: 📡卫视频道, Name: 福建东南卫视, Total: 1, Valid: 0, Valid Percent: 0.00%, Whitelist: 0, IPv4: 1, IPv6: 0, Min Delay: 12051 ms, Max Speed: 0.00 M/s, Avg Speed: 0.00 M/s, Max Resolution: 1920x1080
Category: 📡卫视频道, Name: 江西卫视, Total: 13, Valid: 13, Valid Percent: 100.00%, Whitelist: 0, IPv4: 13, IPv6: 0, Min Delay: 58 ms, Max Speed: 63.88 M/s, Avg Speed: 35.95 M/s, Max Resolution: 1920x1080
Category: 📡卫视频道, Name: 湖南卫视, Total: 24, Valid: 24, Valid Percent: 100.00%, Whitelist: 0, IPv4: 24, IPv6: 0, Min Delay: 58 ms, Max Speed: 63.88 M/s, Avg Speed: 23.55 M/s, Max Resolution: 3840x2160
Category: 📡卫视频道, Name: 湖北卫视, Total: 14, Valid: 14, Valid Percent: 100.00%, Whitelist: 0, IPv4: 14, IPv6: 0, Min Delay: 58 ms, Max Speed: 63.88 M/s, Avg Speed: 33.61 M/s, Max Resolution: 1920x1080
Category: 📡卫视频道, Name: 广东卫视, Total: 14, Valid: 14, Valid Percent: 100.00%, Whitelist: 0, IPv4: 14, IPv6: 0, Min Delay: 58 ms, Max Speed: 63.88 M/s, Avg Speed: 33.68 M/s, Max Resolution: 1920x1080
Category: 📡卫视频道, Name: 深圳卫视, Total: 14, Valid: 14, Valid Percent: 100.00%, Whitelist: 0, IPv4: 14, IPv6: 0, Min Delay: 58 ms, Max Speed: 63.88 M/s, Avg Speed: 33.69 M/s, Max Resolution: 1920x1080
Category: 📡卫视频道, Name: 广西卫视, Total: 13, Valid: 13, Valid Percent: 100.00%, Whitelist: 0, IPv4: 13, IPv6: 0, Min Delay: 58 ms, Max Speed: 63.88 M/s, Avg Speed: 45.44 M/s, Max Resolution: 1920x1080
Category: 📡卫视频道, Name: 云南卫视, Total: 14, Valid: 14, Valid Percent: 100.00%, Whitelist: 0, IPv4: 14, IPv6: 0, Min Delay: 58 ms, Max Speed: 63.88 M/s, Avg Speed: 42.46 M/s, Max Resolution: 1920x1080
Category: 📡卫视频道, Name: 贵州卫视, Total: 15, Valid: 15, Valid Percent: 100.00%, Whitelist: 0, IPv4: 15, IPv6: 0, Min Delay: 58 ms, Max Speed: 63.88 M/s, Avg Speed: 43.88 M/s, Max Resolution: 1920x1080
Category: 📡卫视频道, Name: 四川卫视, Total: 16, Valid: 16, Valid Percent: 100.00%, Whitelist: 0, IPv4: 16, IPv6: 0, Min Delay: 58 ms, Max Speed: 63.88 M/s, Avg Speed: 41.18 M/s, Max Resolution: 1920x1080
Category: 📡卫视频道, Name: 西藏卫视, Total: 9, Valid: 9, Valid Percent: 100.00%, Whitelist: 0, IPv4: 9, IPv6: 0, Min Delay: 58 ms, Max Speed: 63.88 M/s, Avg Speed: 36.68 M/s, Max Resolution: 1920x1080
Category: 📡卫视频道, Name: 新疆卫视, Total: 11, Valid: 11, Valid Percent: 100.00%, Whitelist: 0, IPv4: 11, IPv6: 0, Min Delay: 58 ms, Max Speed: 63.88 M/s, Avg Speed: 30.87 M/s, Max Resolution: 1920x1080
Category: 📡卫视频道, Name: 甘肃卫视, Total: 10, Valid: 10, Valid Percent: 100.00%, Whitelist: 0, IPv4: 10, IPv6: 0, Min Delay: 58 ms, Max Speed: 63.88 M/s, Avg Speed: 45.73 M/s, Max Resolution: 1920x1080
Category: 📡卫视频道, Name: 宁夏卫视, Total: 11, Valid: 11, Valid Percent: 100.00%, Whitelist: 0, IPv4: 11, IPv6: 0, Min Delay: 58 ms, Max Speed: 63.88 M/s, Avg Speed: 36.61 M/s, Max Resolution: 1920x1080
Category: 📡卫视频道, Name: 青海卫视, Total: 14, Valid: 14, Valid Percent: 100.00%, Whitelist: 0, IPv4: 14, IPv6: 0, Min Delay: 58 ms, Max Speed: 63.88 M/s, Avg Speed: 37.94 M/s, Max Resolution: 1920x1080
Category: 📡卫视频道, Name: 陕西卫视, Total: 10, Valid: 10, Valid Percent: 100.00%, Whitelist: 0, IPv4: 10, IPv6: 0, Min Delay: 58 ms, Max Speed: 63.88 M/s, Avg Speed: 21.50 M/s, Max Resolution: 1920x1080
Category: 📡卫视频道, Name: 海南卫视, Total: 10, Valid: 10, Valid Percent: 100.00%, Whitelist: 0, IPv4: 10, IPv6: 0, Min Delay: 58 ms, Max Speed: 63.88 M/s, Avg Speed: 45.18 M/s, Max Resolution: 1920x1080
Category: 📡卫视频道, Name: 三沙卫视, Total: 10, Valid: 10, Valid Percent: 100.00%, Whitelist: 0, IPv4: 10, IPv6: 0, Min Delay: 58 ms, Max Speed: 63.88 M/s, Avg Speed: 39.65 M/s, Max Resolution: 1920x1080
Category: 📡卫视频道, Name: 大湾区卫视, Total: 3, Valid: 3, Valid Percent: 100.00%, Whitelist: 0, IPv4: 3, IPv6: 0, Min Delay: 583 ms, Max Speed: 6.69 M/s, Avg Speed: 4.18 M/s, Max Resolution: 1280x720
Category: 📡卫视频道, Name: 海峡卫视, Total: 13, Valid: 13, Valid Percent: 100.00%, Whitelist: 0, IPv4: 6, IPv6: 7, Min Delay: 58 ms, Max Speed: 63.88 M/s, Avg Speed: 20.93 M/s, Max Resolution: 1920x1080
Category: 📡卫视频道, Name: 兵团卫视, Total: 11, Valid: 11, Valid Percent: 100.00%, Whitelist: 0, IPv4: 11, IPv6: 0, Min Delay: 58 ms, Max Speed: 63.88 M/s, Avg Speed: 36.61 M/s, Max Resolution: 1920x1080
Category: 📺地方频道, Name: 北京卡酷少儿, Total: 3, Valid: 3, Valid Percent: 100.00%, Whitelist: 0, IPv4: 3, IPv6: 0, Min Delay: 5715 ms, Max Speed: 0.85 M/s, Avg Speed: 0.81 M/s, Max Resolution: 1920x1080
Category: 📺地方频道, Name: 北京青年, Total: 2, Valid: 2, Valid Percent: 100.00%, Whitelist: 0, IPv4: 2, IPv6: 0, Min Delay: 44 ms, Max Speed: 2.28 M/s, Avg Speed: 2.28 M/s, Max Resolution: 19x24
Category: 📺地方频道, Name: 广东珠江, Total: 5, Valid: 5, Valid Percent: 100.00%, Whitelist: 0, IPv4: 5, IPv6: 0, Min Delay: 515 ms, Max Speed: 6.69 M/s, Avg Speed: 4.02 M/s, Max Resolution: 1280x720
Category: 📺地方频道, Name: 广东公共, Total: 4, Valid: 4, Valid Percent: 100.00%, Whitelist: 0, IPv4: 4, IPv6: 0, Min Delay: 12401 ms, Max Speed: 0.14 M/s, Avg Speed: 0.10 M/s, Max Resolution: 720x576
Category: 📺地方频道, Name: 广东体育, Total: 4, Valid: 4, Valid Percent: 100.00%, Whitelist: 0, IPv4: 3, IPv6: 1, Min Delay: 515 ms, Max Speed: 6.69 M/s, Avg Speed: 3.30 M/s, Max Resolution: 1920x1080
Category: 📺地方频道, Name: 广东影视, Total: 1, Valid: 1, Valid Percent: 100.00%, Whitelist: 0, IPv4: 1, IPv6: 0, Min Delay: 515 ms, Max Speed: 2.39 M/s, Avg Speed: 2.39 M/s, Max Resolution: 1280x720
Category: 📺地方频道, Name: 广东新闻, Total: 3, Valid: 3, Valid Percent: 100.00%, Whitelist: 0, IPv4: 3, IPv6: 0, Min Delay: 515 ms, Max Speed: 4.55 M/s, Avg Speed: 3.39 M/s, Max Resolution: 1280x720
Category: 📺地方频道, Name: 广州综合, Total: 6, Valid: 6, Valid Percent: 100.00%, Whitelist: 0, IPv4: 6, IPv6: 0, Min Delay: 1072 ms, Max Speed: 0.38 M/s, Avg Speed: 0.33 M/s, Max Resolution: 1280x720
Category: 📺地方频道, Name: 深圳都市, Total: 1, Valid: 1, Valid Percent: 100.00%, Whitelist: 0, IPv4: 1, IPv6: 0, Min Delay: 12965 ms, Max Speed: 0.14 M/s, Avg Speed: 0.14 M/s, Max Resolution: 720x576
Category: 📺地方频道, Name: 深圳电视剧, Total: 1, Valid: 1, Valid Percent: 100.00%, Whitelist: 0, IPv4: 1, IPv6: 0, Min Delay: 12965 ms, Max Speed: 0.14 M/s, Avg Speed: 0.14 M/s, Max Resolution: 720x576
Category: 📺地方频道, Name: 浙江民生休闲, Total: 5, Valid: 5, Valid Percent: 100.00%, Whitelist: 0, IPv4: 5, IPv6: 0, Min Delay: 1291 ms, Max Speed: 1.06 M/s, Avg Speed: 0.76 M/s, Max Resolution: 1920x1080
Category: 📺地方频道, Name: 浙江经济生活, Total: 6, Valid: 6, Valid Percent: 100.00%, Whitelist: 0, IPv4: 6, IPv6: 0, Min Delay: 1291 ms, Max Speed: 1.06 M/s, Avg Speed: 0.71 M/s, Max Resolution: 1920x1080
Category: 📺地方频道, Name: 青岛新闻综合, Total: 1, Valid: 1, Valid Percent: 100.00%, Whitelist: 0, IPv4: 1, IPv6: 0, Min Delay: 610 ms, Max Speed: 3.24 M/s, Avg Speed: 3.24 M/s, Max Resolution: 1280x720
Category: 📺地方频道, Name: 湖北综合, Total: 1, Valid: 1, Valid Percent: 100.00%, Whitelist: 0, IPv4: 1, IPv6: 0, Min Delay: 610 ms, Max Speed: 3.24 M/s, Avg Speed: 3.24 M/s, Max Resolution: 1280x720
Category: 📺地方频道, Name: 重庆新闻, Total: 1, Valid: 1, Valid Percent: 100.00%, Whitelist: 0, IPv4: 1, IPv6: 0, Min Delay: 610 ms, Max Speed: 3.24 M/s, Avg Speed: 3.24 M/s, Max Resolution: 1280x720
Category: 📺地方频道, Name: 沈阳新闻综合, Total: 1, Valid: 0, Valid Percent: 0.00%, Whitelist: 0, IPv4: 1, IPv6: 0, Min Delay: 12051 ms, Max Speed: 0.00 M/s, Avg Speed: 0.00 M/s, Max Resolution: 1920x1080
Category: 📺地方频道, Name: 厦门卫视, Total: 4, Valid: 4, Valid Percent: 100.00%, Whitelist: 0, IPv4: 4, IPv6: 0, Min Delay: 583 ms, Max Speed: 6.69 M/s, Avg Speed: 4.68 M/s, Max Resolution: 1280x720
Category: 📺地方频道, Name: 福建综合, Total: 1, Valid: 1, Valid Percent: 100.00%, Whitelist: 0, IPv4: 1, IPv6: 0, Min Delay: 58 ms, Max Speed: 63.88 M/s, Avg Speed: 63.88 M/s, Max Resolution: 1920x1080
Category: 📺地方频道, Name: 广西都市, Total: 4, Valid: 4, Valid Percent: 100.00%, Whitelist: 0, IPv4: 4, IPv6: 0, Min Delay: 610 ms, Max Speed: 6.69 M/s, Avg Speed: 5.58 M/s, Max Resolution: 1920x1080
Category: 📺港澳台频道, Name: 台视, Total: 5, Valid: 5, Valid Percent: 100.00%, Whitelist: 0, IPv4: 5, IPv6: 0, Min Delay: 515 ms, Max Speed: 4.55 M/s, Avg Speed: 2.99 M/s, Max Resolution: 1920x1080
Category: 📺港澳台频道, Name: 中视, Total: 3, Valid: 3, Valid Percent: 100.00%, Whitelist: 0, IPv4: 3, IPv6: 0, Min Delay: 549 ms, Max Speed: 4.55 M/s, Avg Speed: 1.72 M/s, Max Resolution: 1280x720
Category: 📺港澳台频道, Name: 华视, Total: 5, Valid: 5, Valid Percent: 100.00%, Whitelist: 0, IPv4: 4, IPv6: 1, Min Delay: 515 ms, Max Speed: 4.55 M/s, Avg Speed: 2.07 M/s, Max Resolution: 1280x720
Category: 📺港澳台频道, Name: 民视, Total: 3, Valid: 3, Valid Percent: 100.00%, Whitelist: 0, IPv4: 3, IPv6: 0, Min Delay: 679 ms, Max Speed: 4.55 M/s, Avg Speed: 2.76 M/s, Max Resolution: 1920x1080
Category: 📺港澳台频道, Name: 公视, Total: 4, Valid: 4, Valid Percent: 100.00%, Whitelist: 0, IPv4: 4, IPv6: 0, Min Delay: 549 ms, Max Speed: 4.55 M/s, Avg Speed: 1.37 M/s, Max Resolution: 1280x720
Category: 📺港澳台频道, Name: TVBS, Total: 5, Valid: 5, Valid Percent: 100.00%, Whitelist: 0, IPv4: 4, IPv6: 1, Min Delay: 549 ms, Max Speed: 2.80 M/s, Avg Speed: 0.81 M/s, Max Resolution: 1280x720
Category: 📺港澳台频道, Name: TVBS新闻台, Total: 2, Valid: 2, Valid Percent: 100.00%, Whitelist: 0, IPv4: 2, IPv6: 0, Min Delay: 5383 ms, Max Speed: 0.37 M/s, Avg Speed: 0.37 M/s, Max Resolution: 1280x720
